Starting a Gradle Daemon (subsequent builds will be faster)
> Task :app:checkKotlinGradlePluginConfigurationErrors
> Task :app:preBuild UP-TO-DATE
> Task :app:preDebugBuild UP-TO-DATE
> Task :app:checkDebugAarMetadata UP-TO-DATE
> Task :app:generateDebugResValues UP-TO-DATE
> Task :app:mapDebugSourceSetPaths UP-TO-DATE
> Task :app:generateDebugResources UP-TO-DATE
> Task :app:mergeDebugResources UP-TO-DATE
> Task :app:packageDebugResources UP-TO-DATE
> Task :app:parseDebugLocalResources UP-TO-DATE
> Task :app:createDebugCompatibleScreenManifests UP-TO-DATE
> Task :app:extractDeepLinksDebug UP-TO-DATE
> Task :app:processDebugMainManifest UP-TO-DATE
> Task :app:processDebugManifest UP-TO-DATE
> Task :app:processDebugManifestForPackage UP-TO-DATE
> Task :app:processDebugResources UP-TO-DATE
> Task :app:kspDebugKotlin UP-TO-DATE

> Task :app:compileDebugKotlin
./gradlew : e: file:///C:/Users/ghitr/On
eDrive/Documents/github/PagePortal/app/s
rc/main/java/com/owlsoda/pageportal/di/R
epositoryModule.kt:28:98 Type mismatch: 
inferred type is MatchingEngine but 
CollectionDao was expected
At line:1 char:1
+ ./gradlew compileDebugKotlin > 
build_errors.txt 2>&1
+ ~~~~~~~~~~~~~~~~~~~~~~~~~~~~~~~~~~~~~~
~~~~~~~~~~~~~~
    + CategoryInfo          : NotSpecif 
   ied: (e: file:///C:/U...ao was expe  
  cted:String) [], RemoteException
    + FullyQualifiedErrorId : NativeCom 
   mandError
 
e: file:///C:/Users/ghitr/OneDrive/Docum
ents/github/PagePortal/app/src/main/java
/com/owlsoda/pageportal/di/RepositoryMod
ule.kt:28:98 No value passed for 
parameter 'matchingEngine'

> Task :app:compileDebugKotlin FAILED

FAILURE: Build failed with an exception.

* What went wrong:
Execution failed for task 
':app:compileDebugKotlin'.
> A failure occurred while executing org
.jetbrains.kotlin.compilerRunner.GradleC
ompilerRunnerWithWorkers$GradleKotlinCom
pilerWorkAction
   > Compilation error. See log for 
more details

* Try:
> Run with --stacktrace option to get 
the stack trace.
> Run with --info or --debug option to 
get more log output.
> Run with --scan to get full insights.
> Get more help at 
https://help.gradle.org.

BUILD FAILED in 20s
15 actionable tasks: 2 executed, 13 up-to-date
