> Task :app:checkKotlinGradlePluginConfigurationErrors
> Task :app:preBuild UP-TO-DATE
> Task :app:preDebugBuild UP-TO-DATE
> Task :app:checkDebugAarMetadata UP-TO-DATE
> Task :app:generateDebugResValues UP-TO-DATE
> Task :app:mapDebugSourceSetPaths UP-TO-DATE
> Task :app:generateDebugResources UP-TO-DATE
> Task :app:mergeDebugResources UP-TO-DATE
> Task :app:packageDebugResources UP-TO-DATE
> Task :app:parseDebugLocalResources UP-TO-DATE
> Task :app:createDebugCompatibleScreenManifests UP-TO-DATE
> Task :app:extractDeepLinksDebug UP-TO-DATE
> Task :app:processDebugMainManifest UP-TO-DATE
> Task :app:processDebugManifest UP-TO-DATE
> Task :app:processDebugManifestForPackage UP-TO-DATE
> Task :app:processDebugResources UP-TO-DATE

> Task :app:kspDebugKotlin FAILED
e: file:///C:/Users/ghitr/OneDrive/Documents/github/PagePortal/app/src/main/java/com/owlsoda/pageportal/features/library/LibraryScreen.kt:350:4 Expecting an element
e: file:///C:/Users/ghitr/OneDrive/Documents/github/PagePortal/app/src/main/java/com/owlsoda/pageportal/features/library/LibraryScreen.kt:351:1 Expecting an element
e: file:///C:/Users/ghitr/OneDrive/Documents/github/PagePortal/app/src/main/java/com/owlsoda/pageportal/features/library/LibraryScreen.kt:351:7 Expecting an element
e: file:///C:/Users/ghitr/OneDrive/Documents/github/PagePortal/app/src/main/java/com/owlsoda/pageportal/features/library/LibraryScreen.kt:352:2 Expecting an element
e: file:///C:/Users/ghitr/OneDrive/Documents/github/PagePortal/app/src/main/java/com/owlsoda/pageportal/features/library/LibraryScreen.kt:352:4 Expecting an element
e: file:///C:/Users/ghitr/OneDrive/Documents/github/PagePortal/app/src/main/java/com/owlsoda/pageportal/features/library/LibraryScreen.kt:352:6 Expecting an element
e: file:///C:/Users/ghitr/OneDrive/Documents/github/PagePortal/app/src/main/java/com/owlsoda/pageportal/features/library/LibraryScreen.kt:352:58 Expecting an element
e: file:///C:/Users/ghitr/OneDrive/Documents/github/PagePortal/app/src/main/java/com/owlsoda/pageportal/features/library/LibraryScreen.kt:352:109 Expecting an element
e: file:///C:/Users/ghitr/OneDrive/Documents/github/PagePortal/app/src/main/java/com/owlsoda/pageportal/features/library/LibraryScreen.kt:524:14 Expecting ')'
e: file:///C:/Users/ghitr/OneDrive/Documents/github/PagePortal/app/src/main/java/com/owlsoda/pageportal/features/library/LibraryScreen.kt:559:1 Expecting '->'
e: file:///C:/Users/ghitr/OneDrive/Documents/github/PagePortal/app/src/main/java/com/owlsoda/pageportal/features/library/LibraryScreen.kt:586:1 Expecting '->'
e: file:///C:/Users/ghitr/OneDrive/Documents/github/PagePortal/app/src/main/java/com/owlsoda/pageportal/features/library/LibraryScreen.kt:618:1 Expecting '->'
e: file:///C:/Users/ghitr/OneDrive/Documents/github/PagePortal/app/src/main/java/com/owlsoda/pageportal/features/library/LibraryScreen.kt:720:2 Expecting '->'
e: file:///C:/Users/ghitr/OneDrive/Documents/github/PagePortal/app/src/main/java/com/owlsoda/pageportal/features/library/LibraryScreen.kt:720:2 Expecting an expression
e: file:///C:/Users/ghitr/OneDrive/Documents/github/PagePortal/app/src/main/java/com/owlsoda/pageportal/features/library/LibraryScreen.kt:720:2 Expecting '}'
System.Management.Automation.RemoteException
FAILURE: Build failed with an exception.
System.Management.Automation.RemoteException
* What went wrong:
Execution failed for task ':app:kspDebugKotlin'.
> A failure occurred while executing org.jetbrains.kotlin.compilerRunner.GradleCompilerRunnerWithWorkers$GradleKotlinCompilerWorkAction
   > Compilation error. See log for more details
System.Management.Automation.RemoteException
* Try:
> Run with --stacktrace option to get the stack trace.
> Run with --info or --debug option to get more log output.
> Run with --scan to get full insights.
> Get more help at https://help.gradle.org.
System.Management.Automation.RemoteException
BUILD FAILED in 5s
14 actionable tasks: 2 executed, 12 up-to-date
